<?xml version="1.0" encoding="UTF-8"?>
<TestRun id="dbcc3418-0eb6-49de-8d6a-a76b79ec5ef3" name="jciechanowicz@AS02W1018 2012-11-06 17:29:21" runUser="ALPHAMERIC\jciechanowicz" xmlns="http://microsoft.com/schemas/VisualStudio/TeamTest/2010">
  <TestSettings name="Local" id="42885817-39b2-4c60-8baf-effd82c36c3a">
    <Description>These are default test settings for a local test run.</Description>
    <Deployment runDeploymentRoot="jciechanowicz_AS02W1018 2012-11-06 17_29_21">
      <DeploymentItem filename="C:\Users\jciechanowicz\Documents\GitHub\Chains\Chains\bin\Debug\Chains.dll" />
    </Deployment>
    <Execution>
      <TestTypeSpecific>
        <UnitTestRunConfig testTypeId="13cdc9d9-ddb5-4fa4-a97d-d965ccfc6d4b">
          <AssemblyResolution>
            <TestDirectory useLoadContext="true" />
          </AssemblyResolution>
        </UnitTestRunConfig>
      </TestTypeSpecific>
      <AgentRule name="LocalMachineDefaultRole">
        <DataCollectors>
          <DataCollector uri="datacollector://microsoft/CodeCoverage/1.0" assemblyQualifiedName="Microsoft.VisualStudio.TestTools.CodeCoverage.CoveragePlugIn, Microsoft.VisualStudio.QualityTools.Plugins.CodeCoverage, Version=10.0.0.0, Culture=neutral, PublicKeyToken=b03f5f7f11d50a3a" friendlyName="Code Coverage">
          </DataCollector>
        </DataCollectors>
      </AgentRule>
    </Execution>
  </TestSettings>
  <Times creation="2012-11-06T17:29:21.9568223+00:00" queuing="2012-11-06T17:29:25.2998223+00:00" start="2012-11-06T17:29:25.4538223+00:00" finish="2012-11-06T17:29:31.1498223+00:00" />
  <ResultSummary outcome="Warning">
    <Counters total="7" executed="7" passed="7" error="0" failed="0" timeout="0" aborted="0" inconclusive="0" passedButRunAborted="0" notRunnable="0" notExecuted="0" disconnected="0" warning="0" completed="0" inProgress="0" pending="0" />
    <RunInfos>
      <RunInfo computerName="AS02W1018" outcome="Warning" timestamp="2012-11-06T17:29:23.7008223+00:00">
        <Text>Warning: Disabling deployment is ignored for the test run because code coverage is enabled in the active test settings.</Text>
      </RunInfo>
    </RunInfos>
  </ResultSummary>
  <TestDefinitions>
    <UnitTest name="TestExecutionError" storage="c:\users\jciechanowicz\documents\github\chains\chainstest\bin\debug\chainstest.dll" id="b47c5645-a659-615b-ce7b-6ce6ab5529a2">
      <DeploymentItems>
        <DeploymentItem filename="Chains.dll" />
      </DeploymentItems>
      <Execution id="8c32e064-83cf-4bc9-a80f-0e6e9fba56fd" />
      <TestMethod codeBase="C:/Users/jciechanowicz/Documents/GitHub/Chains/ChainsTest/bin/Debug/ChainsTest.DLL" adapterTypeName="Microsoft.VisualStudio.TestTools.TestTypes.Unit.UnitTestAdapter, Microsoft.VisualStudio.QualityTools.Tips.UnitTest.Adapter, Version=10.0.0.0, Culture=neutral, PublicKeyToken=b03f5f7f11d50a3a" className="ChainsTest.LinearTests, ChainsTest, Version=1.0.0.0, Culture=neutral, PublicKeyToken=null" name="TestExecutionError" />
    </UnitTest>
    <UnitTest name="TestMultiTypeChain" storage="c:\users\jciechanowicz\documents\github\chains\chainstest\bin\debug\chainstest.dll" id="68ac6d6b-f5b3-f477-1a81-e154524c5f22">
      <DeploymentItems>
        <DeploymentItem filename="Chains.dll" />
      </DeploymentItems>
      <Execution id="1666ac14-a894-4972-b7c1-a5e94ad1446b" />
      <TestMethod codeBase="C:/Users/jciechanowicz/Documents/GitHub/Chains/ChainsTest/bin/Debug/ChainsTest.DLL" adapterTypeName="Microsoft.VisualStudio.TestTools.TestTypes.Unit.UnitTestAdapter, Microsoft.VisualStudio.QualityTools.Tips.UnitTest.Adapter, Version=10.0.0.0, Culture=neutral, PublicKeyToken=b03f5f7f11d50a3a" className="ChainsTest.LinearTests, ChainsTest, Version=1.0.0.0, Culture=neutral, PublicKeyToken=null" name="TestMultiTypeChain" />
    </UnitTest>
    <UnitTest name="TestAsyncTypeError" storage="c:\users\jciechanowicz\documents\github\chains\chainstest\bin\debug\chainstest.dll" id="81d5d5a8-dd7a-917e-7657-37b0ce778671">
      <DeploymentItems>
        <DeploymentItem filename="Chains.dll" />
      </DeploymentItems>
      <Execution id="2c812373-ce4b-4bf5-9b4c-6678fe045c71" />
      <TestMethod codeBase="C:/Users/jciechanowicz/Documents/GitHub/Chains/ChainsTest/bin/Debug/ChainsTest.DLL" adapterTypeName="Microsoft.VisualStudio.TestTools.TestTypes.Unit.UnitTestAdapter, Microsoft.VisualStudio.QualityTools.Tips.UnitTest.Adapter, Version=10.0.0.0, Culture=neutral, PublicKeyToken=b03f5f7f11d50a3a" className="ChainsTest.AsyncTests, ChainsTest, Version=1.0.0.0, Culture=neutral, PublicKeyToken=null" name="TestAsyncTypeError" />
    </UnitTest>
    <UnitTest name="TestAsyncExecution" storage="c:\users\jciechanowicz\documents\github\chains\chainstest\bin\debug\chainstest.dll" id="1356002e-e897-872c-78a5-df7ecc91f3ce">
      <DeploymentItems>
        <DeploymentItem filename="Chains.dll" />
      </DeploymentItems>
      <Execution id="bb7791bf-b152-41d9-b1f1-ffb00cc90f3f" />
      <TestMethod codeBase="C:/Users/jciechanowicz/Documents/GitHub/Chains/ChainsTest/bin/Debug/ChainsTest.DLL" adapterTypeName="Microsoft.VisualStudio.TestTools.TestTypes.Unit.UnitTestAdapter, Microsoft.VisualStudio.QualityTools.Tips.UnitTest.Adapter, Version=10.0.0.0, Culture=neutral, PublicKeyToken=b03f5f7f11d50a3a" className="ChainsTest.AsyncTests, ChainsTest, Version=1.0.0.0, Culture=neutral, PublicKeyToken=null" name="TestAsyncExecution" />
    </UnitTest>
    <UnitTest name="TestAsyncExecutionError" storage="c:\users\jciechanowicz\documents\github\chains\chainstest\bin\debug\chainstest.dll" id="96e8f2f6-ba20-7685-0b8c-dedda47979fb">
      <DeploymentItems>
        <DeploymentItem filename="Chains.dll" />
      </DeploymentItems>
      <Execution id="f2dee3ea-3262-4f9a-9793-3a4b88991154" />
      <TestMethod codeBase="C:/Users/jciechanowicz/Documents/GitHub/Chains/ChainsTest/bin/Debug/ChainsTest.DLL" adapterTypeName="Microsoft.VisualStudio.TestTools.TestTypes.Unit.UnitTestAdapter, Microsoft.VisualStudio.QualityTools.Tips.UnitTest.Adapter, Version=10.0.0.0, Culture=neutral, PublicKeyToken=b03f5f7f11d50a3a" className="ChainsTest.AsyncTests, ChainsTest, Version=1.0.0.0, Culture=neutral, PublicKeyToken=null" name="TestAsyncExecutionError" />
    </UnitTest>
    <UnitTest name="TestTypeMismatch" storage="c:\users\jciechanowicz\documents\github\chains\chainstest\bin\debug\chainstest.dll" id="de55ba53-e509-e1d8-72d1-3c3e89a04967">
      <DeploymentItems>
        <DeploymentItem filename="Chains.dll" />
      </DeploymentItems>
      <Execution id="df13492d-2352-470d-b4a6-99794c5e7970" />
      <TestMethod codeBase="C:/Users/jciechanowicz/Documents/GitHub/Chains/ChainsTest/bin/Debug/ChainsTest.DLL" adapterTypeName="Microsoft.VisualStudio.TestTools.TestTypes.Unit.UnitTestAdapter, Microsoft.VisualStudio.QualityTools.Tips.UnitTest.Adapter, Version=10.0.0.0, Culture=neutral, PublicKeyToken=b03f5f7f11d50a3a" className="ChainsTest.LinearTests, ChainsTest, Version=1.0.0.0, Culture=neutral, PublicKeyToken=null" name="TestTypeMismatch" />
    </UnitTest>
    <UnitTest name="TestSimpleChain" storage="c:\users\jciechanowicz\documents\github\chains\chainstest\bin\debug\chainstest.dll" id="ed1fc067-3a0e-4957-2e9c-00e356d1e9fa">
      <DeploymentItems>
        <DeploymentItem filename="Chains.dll" />
      </DeploymentItems>
      <Execution id="9213c986-6d54-4571-a765-15e91909e7a9" />
      <TestMethod codeBase="C:/Users/jciechanowicz/Documents/GitHub/Chains/ChainsTest/bin/Debug/ChainsTest.DLL" adapterTypeName="Microsoft.VisualStudio.TestTools.TestTypes.Unit.UnitTestAdapter, Microsoft.VisualStudio.QualityTools.Tips.UnitTest.Adapter, Version=10.0.0.0, Culture=neutral, PublicKeyToken=b03f5f7f11d50a3a" className="ChainsTest.LinearTests, ChainsTest, Version=1.0.0.0, Culture=neutral, PublicKeyToken=null" name="TestSimpleChain" />
    </UnitTest>
  </TestDefinitions>
  <TestLists>
    <TestList name="Results Not in a List" id="8c84fa94-04c1-424b-9868-57a2d4851a1d" />
    <TestList name="All Loaded Results" id="19431567-8539-422a-85d7-44ee4e166bda" />
  </TestLists>
  <TestEntries>
    <TestEntry testId="1356002e-e897-872c-78a5-df7ecc91f3ce" executionId="bb7791bf-b152-41d9-b1f1-ffb00cc90f3f" testListId="8c84fa94-04c1-424b-9868-57a2d4851a1d" />
    <TestEntry testId="68ac6d6b-f5b3-f477-1a81-e154524c5f22" executionId="1666ac14-a894-4972-b7c1-a5e94ad1446b" testListId="8c84fa94-04c1-424b-9868-57a2d4851a1d" />
    <TestEntry testId="81d5d5a8-dd7a-917e-7657-37b0ce778671" executionId="2c812373-ce4b-4bf5-9b4c-6678fe045c71" testListId="8c84fa94-04c1-424b-9868-57a2d4851a1d" />
    <TestEntry testId="96e8f2f6-ba20-7685-0b8c-dedda47979fb" executionId="f2dee3ea-3262-4f9a-9793-3a4b88991154" testListId="8c84fa94-04c1-424b-9868-57a2d4851a1d" />
    <TestEntry testId="b47c5645-a659-615b-ce7b-6ce6ab5529a2" executionId="8c32e064-83cf-4bc9-a80f-0e6e9fba56fd" testListId="8c84fa94-04c1-424b-9868-57a2d4851a1d" />
    <TestEntry testId="de55ba53-e509-e1d8-72d1-3c3e89a04967" executionId="df13492d-2352-470d-b4a6-99794c5e7970" testListId="8c84fa94-04c1-424b-9868-57a2d4851a1d" />
    <TestEntry testId="ed1fc067-3a0e-4957-2e9c-00e356d1e9fa" executionId="9213c986-6d54-4571-a765-15e91909e7a9" testListId="8c84fa94-04c1-424b-9868-57a2d4851a1d" />
  </TestEntries>
  <Results>
    <UnitTestResult executionId="bb7791bf-b152-41d9-b1f1-ffb00cc90f3f" testId="1356002e-e897-872c-78a5-df7ecc91f3ce" testName="TestAsyncExecution" computerName="AS02W1018" duration="00:00:00.0792030" startTime="2012-11-06T17:29:29.6888223+00:00" endTime="2012-11-06T17:29:30.9278223+00:00" testType="13cdc9d9-ddb5-4fa4-a97d-d965ccfc6d4b" outcome="Passed" testListId="8c84fa94-04c1-424b-9868-57a2d4851a1d" relativeResultsDirectory="bb7791bf-b152-41d9-b1f1-ffb00cc90f3f">
    </UnitTestResult>
    <UnitTestResult executionId="1666ac14-a894-4972-b7c1-a5e94ad1446b" testId="68ac6d6b-f5b3-f477-1a81-e154524c5f22" testName="TestMultiTypeChain" computerName="AS02W1018" duration="00:00:00.0723778" startTime="2012-11-06T17:29:30.9328223+00:00" endTime="2012-11-06T17:29:31.0088223+00:00" testType="13cdc9d9-ddb5-4fa4-a97d-d965ccfc6d4b" outcome="Passed" testListId="8c84fa94-04c1-424b-9868-57a2d4851a1d" relativeResultsDirectory="1666ac14-a894-4972-b7c1-a5e94ad1446b">
    </UnitTestResult>
    <UnitTestResult executionId="2c812373-ce4b-4bf5-9b4c-6678fe045c71" testId="81d5d5a8-dd7a-917e-7657-37b0ce778671" testName="TestAsyncTypeError" computerName="AS02W1018" duration="00:00:00.0034185" startTime="2012-11-06T17:29:31.0138223+00:00" endTime="2012-11-06T17:29:31.0198223+00:00" testType="13cdc9d9-ddb5-4fa4-a97d-d965ccfc6d4b" outcome="Passed" testListId="8c84fa94-04c1-424b-9868-57a2d4851a1d" relativeResultsDirectory="2c812373-ce4b-4bf5-9b4c-6678fe045c71">
    </UnitTestResult>
    <UnitTestResult executionId="f2dee3ea-3262-4f9a-9793-3a4b88991154" testId="96e8f2f6-ba20-7685-0b8c-dedda47979fb" testName="TestAsyncExecutionError" computerName="AS02W1018" duration="00:00:00.0013270" startTime="2012-11-06T17:29:31.0248223+00:00" endTime="2012-11-06T17:29:31.0288223+00:00" testType="13cdc9d9-ddb5-4fa4-a97d-d965ccfc6d4b" outcome="Passed" testListId="8c84fa94-04c1-424b-9868-57a2d4851a1d" relativeResultsDirectory="f2dee3ea-3262-4f9a-9793-3a4b88991154">
    </UnitTestResult>
    <UnitTestResult executionId="8c32e064-83cf-4bc9-a80f-0e6e9fba56fd" testId="b47c5645-a659-615b-ce7b-6ce6ab5529a2" testName="TestExecutionError" computerName="AS02W1018" duration="00:00:00.0010082" startTime="2012-11-06T17:29:31.0318223+00:00" endTime="2012-11-06T17:29:31.0348223+00:00" testType="13cdc9d9-ddb5-4fa4-a97d-d965ccfc6d4b" outcome="Passed" testListId="8c84fa94-04c1-424b-9868-57a2d4851a1d" relativeResultsDirectory="8c32e064-83cf-4bc9-a80f-0e6e9fba56fd">
    </UnitTestResult>
    <UnitTestResult executionId="df13492d-2352-470d-b4a6-99794c5e7970" testId="de55ba53-e509-e1d8-72d1-3c3e89a04967" testName="TestTypeMismatch" computerName="AS02W1018" duration="00:00:00.0022775" startTime="2012-11-06T17:29:31.0408223+00:00" endTime="2012-11-06T17:29:31.0458223+00:00" testType="13cdc9d9-ddb5-4fa4-a97d-d965ccfc6d4b" outcome="Passed" testListId="8c84fa94-04c1-424b-9868-57a2d4851a1d" relativeResultsDirectory="df13492d-2352-470d-b4a6-99794c5e7970">
    </UnitTestResult>
    <UnitTestResult executionId="9213c986-6d54-4571-a765-15e91909e7a9" testId="ed1fc067-3a0e-4957-2e9c-00e356d1e9fa" testName="TestSimpleChain" computerName="AS02W1018" duration="00:00:00.0573165" startTime="2012-11-06T17:29:31.0508223+00:00" endTime="2012-11-06T17:29:31.1108223+00:00" testType="13cdc9d9-ddb5-4fa4-a97d-d965ccfc6d4b" outcome="Passed" testListId="8c84fa94-04c1-424b-9868-57a2d4851a1d" relativeResultsDirectory="9213c986-6d54-4571-a765-15e91909e7a9">
    </UnitTestResult>
  </Results>
</TestRun>