<?xml version="1.0" encoding="UTF-8"?>
<TestRun id="f0abf0c9-7abc-4071-864d-030c3e5bd8e7" name="jciechanowicz@AS02W1018 2012-11-06 17:49:25" runUser="ALPHAMERIC\jciechanowicz" xmlns="http://microsoft.com/schemas/VisualStudio/TeamTest/2010">
  <TestSettings name="Local" id="42885817-39b2-4c60-8baf-effd82c36c3a">
    <Description>These are default test settings for a local test run.</Description>
    <Deployment runDeploymentRoot="jciechanowicz_AS02W1018 2012-11-06 17_49_25">
      <DeploymentItem filename="C:\Users\jciechanowicz\Documents\GitHub\Chains\Chains\bin\Debug\Chains.dll" />
    </Deployment>
    <Execution>
      <TestTypeSpecific>
        <UnitTestRunConfig testTypeId="13cdc9d9-ddb5-4fa4-a97d-d965ccfc6d4b">
          <AssemblyResolution>
            <TestDirectory useLoadContext="true" />
          </AssemblyResolution>
        </UnitTestRunConfig>
      </TestTypeSpecific>
      <AgentRule name="LocalMachineDefaultRole">
        <DataCollectors>
          <DataCollector uri="datacollector://microsoft/CodeCoverage/1.0" assemblyQualifiedName="Microsoft.VisualStudio.TestTools.CodeCoverage.CoveragePlugIn, Microsoft.VisualStudio.QualityTools.Plugins.CodeCoverage, Version=10.0.0.0, Culture=neutral, PublicKeyToken=b03f5f7f11d50a3a" friendlyName="Code Coverage">
            <Configuration>
              <CodeCoverage xmlns="">
                <Regular>
                  <CodeCoverageItem binaryFile="C:\Users\jciechanowicz\Documents\GitHub\Chains\Chains\bin\Debug\Chains.dll" pdbFile="C:\Users\jciechanowicz\Documents\GitHub\Chains\Chains\bin\Debug\Chains.instr.pdb" instrumentInPlace="true" />
                </Regular>
              </CodeCoverage>
            </Configuration>
          </DataCollector>
        </DataCollectors>
      </AgentRule>
    </Execution>
  </TestSettings>
  <Times creation="2012-11-06T17:49:25.2458223+00:00" queuing="2012-11-06T17:49:27.9248223+00:00" start="2012-11-06T17:49:28.0658223+00:00" finish="2012-11-06T17:49:34.8308223+00:00" />
  <ResultSummary outcome="Completed">
    <Counters total="7" executed="7" passed="7" error="0" failed="0" timeout="0" aborted="0" inconclusive="0" passedButRunAborted="0" notRunnable="0" notExecuted="0" disconnected="0" warning="0" completed="0" inProgress="0" pending="0" />
    <ResultFiles>
      <ResultFile path="AS02W1018\data.coverage" />
    </ResultFiles>
  </ResultSummary>
  <TestDefinitions>
    <UnitTest name="TestExecutionError" storage="c:\users\jciechanowicz\documents\github\chains\chainstest\bin\debug\chainstest.dll" id="b47c5645-a659-615b-ce7b-6ce6ab5529a2">
      <DeploymentItems>
        <DeploymentItem filename="Chains.dll" />
      </DeploymentItems>
      <Execution id="9b577c8f-5cdc-4292-8658-876ad4323292" />
      <TestMethod codeBase="C:/Users/jciechanowicz/Documents/GitHub/Chains/ChainsTest/bin/Debug/ChainsTest.DLL" adapterTypeName="Microsoft.VisualStudio.TestTools.TestTypes.Unit.UnitTestAdapter, Microsoft.VisualStudio.QualityTools.Tips.UnitTest.Adapter, Version=10.0.0.0, Culture=neutral, PublicKeyToken=b03f5f7f11d50a3a" className="ChainsTest.LinearTests, ChainsTest, Version=1.0.0.0, Culture=neutral, PublicKeyToken=null" name="TestExecutionError" />
    </UnitTest>
    <UnitTest name="TestMultiTypeChain" storage="c:\users\jciechanowicz\documents\github\chains\chainstest\bin\debug\chainstest.dll" id="68ac6d6b-f5b3-f477-1a81-e154524c5f22">
      <DeploymentItems>
        <DeploymentItem filename="Chains.dll" />
      </DeploymentItems>
      <Execution id="587da332-cf28-4567-8cc4-cac8e5973b08" />
      <TestMethod codeBase="C:/Users/jciechanowicz/Documents/GitHub/Chains/ChainsTest/bin/Debug/ChainsTest.DLL" adapterTypeName="Microsoft.VisualStudio.TestTools.TestTypes.Unit.UnitTestAdapter, Microsoft.VisualStudio.QualityTools.Tips.UnitTest.Adapter, Version=10.0.0.0, Culture=neutral, PublicKeyToken=b03f5f7f11d50a3a" className="ChainsTest.LinearTests, ChainsTest, Version=1.0.0.0, Culture=neutral, PublicKeyToken=null" name="TestMultiTypeChain" />
    </UnitTest>
    <UnitTest name="TestAsyncTypeError" storage="c:\users\jciechanowicz\documents\github\chains\chainstest\bin\debug\chainstest.dll" id="81d5d5a8-dd7a-917e-7657-37b0ce778671">
      <DeploymentItems>
        <DeploymentItem filename="Chains.dll" />
      </DeploymentItems>
      <Execution id="20a4a6a6-e3ab-40ac-a5bd-b6afb7b6c780" />
      <TestMethod codeBase="C:/Users/jciechanowicz/Documents/GitHub/Chains/ChainsTest/bin/Debug/ChainsTest.DLL" adapterTypeName="Microsoft.VisualStudio.TestTools.TestTypes.Unit.UnitTestAdapter, Microsoft.VisualStudio.QualityTools.Tips.UnitTest.Adapter, Version=10.0.0.0, Culture=neutral, PublicKeyToken=b03f5f7f11d50a3a" className="ChainsTest.AsyncTests, ChainsTest, Version=1.0.0.0, Culture=neutral, PublicKeyToken=null" name="TestAsyncTypeError" />
    </UnitTest>
    <UnitTest name="TestAsyncExecution" storage="c:\users\jciechanowicz\documents\github\chains\chainstest\bin\debug\chainstest.dll" id="1356002e-e897-872c-78a5-df7ecc91f3ce">
      <DeploymentItems>
        <DeploymentItem filename="Chains.dll" />
      </DeploymentItems>
      <Execution id="57f8f40a-c4a1-4cd6-a870-2dfdfd0cf844" />
      <TestMethod codeBase="C:/Users/jciechanowicz/Documents/GitHub/Chains/ChainsTest/bin/Debug/ChainsTest.DLL" adapterTypeName="Microsoft.VisualStudio.TestTools.TestTypes.Unit.UnitTestAdapter, Microsoft.VisualStudio.QualityTools.Tips.UnitTest.Adapter, Version=10.0.0.0, Culture=neutral, PublicKeyToken=b03f5f7f11d50a3a" className="ChainsTest.AsyncTests, ChainsTest, Version=1.0.0.0, Culture=neutral, PublicKeyToken=null" name="TestAsyncExecution" />
    </UnitTest>
    <UnitTest name="TestAsyncExecutionError" storage="c:\users\jciechanowicz\documents\github\chains\chainstest\bin\debug\chainstest.dll" id="96e8f2f6-ba20-7685-0b8c-dedda47979fb">
      <DeploymentItems>
        <DeploymentItem filename="Chains.dll" />
      </DeploymentItems>
      <Execution id="822c1292-94d6-42da-be65-30c6f5bbffa1" />
      <TestMethod codeBase="C:/Users/jciechanowicz/Documents/GitHub/Chains/ChainsTest/bin/Debug/ChainsTest.DLL" adapterTypeName="Microsoft.VisualStudio.TestTools.TestTypes.Unit.UnitTestAdapter, Microsoft.VisualStudio.QualityTools.Tips.UnitTest.Adapter, Version=10.0.0.0, Culture=neutral, PublicKeyToken=b03f5f7f11d50a3a" className="ChainsTest.AsyncTests, ChainsTest, Version=1.0.0.0, Culture=neutral, PublicKeyToken=null" name="TestAsyncExecutionError" />
    </UnitTest>
    <UnitTest name="TestTypeMismatch" storage="c:\users\jciechanowicz\documents\github\chains\chainstest\bin\debug\chainstest.dll" id="de55ba53-e509-e1d8-72d1-3c3e89a04967">
      <DeploymentItems>
        <DeploymentItem filename="Chains.dll" />
      </DeploymentItems>
      <Execution id="b5b87003-b9b2-4d7c-96ac-f7019b7405f0" />
      <TestMethod codeBase="C:/Users/jciechanowicz/Documents/GitHub/Chains/ChainsTest/bin/Debug/ChainsTest.DLL" adapterTypeName="Microsoft.VisualStudio.TestTools.TestTypes.Unit.UnitTestAdapter, Microsoft.VisualStudio.QualityTools.Tips.UnitTest.Adapter, Version=10.0.0.0, Culture=neutral, PublicKeyToken=b03f5f7f11d50a3a" className="ChainsTest.LinearTests, ChainsTest, Version=1.0.0.0, Culture=neutral, PublicKeyToken=null" name="TestTypeMismatch" />
    </UnitTest>
    <UnitTest name="TestSimpleChain" storage="c:\users\jciechanowicz\documents\github\chains\chainstest\bin\debug\chainstest.dll" id="ed1fc067-3a0e-4957-2e9c-00e356d1e9fa">
      <DeploymentItems>
        <DeploymentItem filename="Chains.dll" />
      </DeploymentItems>
      <Execution id="2828e152-1efe-459d-81e7-5b7c23707aec" />
      <TestMethod codeBase="C:/Users/jciechanowicz/Documents/GitHub/Chains/ChainsTest/bin/Debug/ChainsTest.DLL" adapterTypeName="Microsoft.VisualStudio.TestTools.TestTypes.Unit.UnitTestAdapter, Microsoft.VisualStudio.QualityTools.Tips.UnitTest.Adapter, Version=10.0.0.0, Culture=neutral, PublicKeyToken=b03f5f7f11d50a3a" className="ChainsTest.LinearTests, ChainsTest, Version=1.0.0.0, Culture=neutral, PublicKeyToken=null" name="TestSimpleChain" />
    </UnitTest>
  </TestDefinitions>
  <TestLists>
    <TestList name="Results Not in a List" id="8c84fa94-04c1-424b-9868-57a2d4851a1d" />
    <TestList name="All Loaded Results" id="19431567-8539-422a-85d7-44ee4e166bda" />
  </TestLists>
  <TestEntries>
    <TestEntry testId="1356002e-e897-872c-78a5-df7ecc91f3ce" executionId="57f8f40a-c4a1-4cd6-a870-2dfdfd0cf844" testListId="8c84fa94-04c1-424b-9868-57a2d4851a1d" />
    <TestEntry testId="68ac6d6b-f5b3-f477-1a81-e154524c5f22" executionId="587da332-cf28-4567-8cc4-cac8e5973b08" testListId="8c84fa94-04c1-424b-9868-57a2d4851a1d" />
    <TestEntry testId="81d5d5a8-dd7a-917e-7657-37b0ce778671" executionId="20a4a6a6-e3ab-40ac-a5bd-b6afb7b6c780" testListId="8c84fa94-04c1-424b-9868-57a2d4851a1d" />
    <TestEntry testId="96e8f2f6-ba20-7685-0b8c-dedda47979fb" executionId="822c1292-94d6-42da-be65-30c6f5bbffa1" testListId="8c84fa94-04c1-424b-9868-57a2d4851a1d" />
    <TestEntry testId="b47c5645-a659-615b-ce7b-6ce6ab5529a2" executionId="9b577c8f-5cdc-4292-8658-876ad4323292" testListId="8c84fa94-04c1-424b-9868-57a2d4851a1d" />
    <TestEntry testId="de55ba53-e509-e1d8-72d1-3c3e89a04967" executionId="b5b87003-b9b2-4d7c-96ac-f7019b7405f0" testListId="8c84fa94-04c1-424b-9868-57a2d4851a1d" />
    <TestEntry testId="ed1fc067-3a0e-4957-2e9c-00e356d1e9fa" executionId="2828e152-1efe-459d-81e7-5b7c23707aec" testListId="8c84fa94-04c1-424b-9868-57a2d4851a1d" />
  </TestEntries>
  <Results>
    <UnitTestResult executionId="57f8f40a-c4a1-4cd6-a870-2dfdfd0cf844" testId="1356002e-e897-872c-78a5-df7ecc91f3ce" testName="TestAsyncExecution" computerName="AS02W1018" duration="00:00:00.1921911" startTime="2012-11-06T17:49:31.4058223+00:00" endTime="2012-11-06T17:49:32.8168223+00:00" testType="13cdc9d9-ddb5-4fa4-a97d-d965ccfc6d4b" outcome="Passed" testListId="8c84fa94-04c1-424b-9868-57a2d4851a1d" relativeResultsDirectory="57f8f40a-c4a1-4cd6-a870-2dfdfd0cf844">
    </UnitTestResult>
    <UnitTestResult executionId="587da332-cf28-4567-8cc4-cac8e5973b08" testId="68ac6d6b-f5b3-f477-1a81-e154524c5f22" testName="TestMultiTypeChain" computerName="AS02W1018" duration="00:00:00.0036450" startTime="2012-11-06T17:49:32.8238223+00:00" endTime="2012-11-06T17:49:32.8298223+00:00" testType="13cdc9d9-ddb5-4fa4-a97d-d965ccfc6d4b" outcome="Passed" testListId="8c84fa94-04c1-424b-9868-57a2d4851a1d" relativeResultsDirectory="587da332-cf28-4567-8cc4-cac8e5973b08">
    </UnitTestResult>
    <UnitTestResult executionId="20a4a6a6-e3ab-40ac-a5bd-b6afb7b6c780" testId="81d5d5a8-dd7a-917e-7657-37b0ce778671" testName="TestAsyncTypeError" computerName="AS02W1018" duration="00:00:00.0026464" startTime="2012-11-06T17:49:32.8348223+00:00" endTime="2012-11-06T17:49:32.8408223+00:00" testType="13cdc9d9-ddb5-4fa4-a97d-d965ccfc6d4b" outcome="Passed" testListId="8c84fa94-04c1-424b-9868-57a2d4851a1d" relativeResultsDirectory="20a4a6a6-e3ab-40ac-a5bd-b6afb7b6c780">
    </UnitTestResult>
    <UnitTestResult executionId="822c1292-94d6-42da-be65-30c6f5bbffa1" testId="96e8f2f6-ba20-7685-0b8c-dedda47979fb" testName="TestAsyncExecutionError" computerName="AS02W1018" duration="00:00:00.0022942" startTime="2012-11-06T17:49:32.8458223+00:00" endTime="2012-11-06T17:49:32.8508223+00:00" testType="13cdc9d9-ddb5-4fa4-a97d-d965ccfc6d4b" outcome="Passed" testListId="8c84fa94-04c1-424b-9868-57a2d4851a1d" relativeResultsDirectory="822c1292-94d6-42da-be65-30c6f5bbffa1">
    </UnitTestResult>
    <UnitTestResult executionId="9b577c8f-5cdc-4292-8658-876ad4323292" testId="b47c5645-a659-615b-ce7b-6ce6ab5529a2" testName="TestExecutionError" computerName="AS02W1018" duration="00:00:00.0010566" startTime="2012-11-06T17:49:32.8568223+00:00" endTime="2012-11-06T17:49:32.8608223+00:00" testType="13cdc9d9-ddb5-4fa4-a97d-d965ccfc6d4b" outcome="Passed" testListId="8c84fa94-04c1-424b-9868-57a2d4851a1d" relativeResultsDirectory="9b577c8f-5cdc-4292-8658-876ad4323292">
    </UnitTestResult>
    <UnitTestResult executionId="b5b87003-b9b2-4d7c-96ac-f7019b7405f0" testId="de55ba53-e509-e1d8-72d1-3c3e89a04967" testName="TestTypeMismatch" computerName="AS02W1018" duration="00:00:00.0017681" startTime="2012-11-06T17:49:32.8648223+00:00" endTime="2012-11-06T17:49:32.8698223+00:00" testType="13cdc9d9-ddb5-4fa4-a97d-d965ccfc6d4b" outcome="Passed" testListId="8c84fa94-04c1-424b-9868-57a2d4851a1d" relativeResultsDirectory="b5b87003-b9b2-4d7c-96ac-f7019b7405f0">
    </UnitTestResult>
    <UnitTestResult executionId="2828e152-1efe-459d-81e7-5b7c23707aec" testId="ed1fc067-3a0e-4957-2e9c-00e356d1e9fa" testName="TestSimpleChain" computerName="AS02W1018" duration="00:00:00.0327501" startTime="2012-11-06T17:49:32.8748223+00:00" endTime="2012-11-06T17:49:32.9138223+00:00" testType="13cdc9d9-ddb5-4fa4-a97d-d965ccfc6d4b" outcome="Passed" testListId="8c84fa94-04c1-424b-9868-57a2d4851a1d" relativeResultsDirectory="2828e152-1efe-459d-81e7-5b7c23707aec">
    </UnitTestResult>
  </Results>
</TestRun>