<?xml version="1.0" encoding="UTF-8"?>
<TestRun id="45f8b4dd-09c9-464d-a4c2-024d40386725" name="jciechanowicz@AS02W1018 2012-11-06 17:31:46" runUser="ALPHAMERIC\jciechanowicz" xmlns="http://microsoft.com/schemas/VisualStudio/TeamTest/2010">
  <TestSettings name="Trace and Test Impact" id="5130ce5a-2a07-42c8-99a7-2dd407c618c0">
    <Description>These are test settings for Trace and Test Impact.</Description>
    <Deployment runDeploymentRoot="jciechanowicz_AS02W1018 2012-11-06 17_31_46">
      <DeploymentItem filename="C:\Users\jciechanowicz\Documents\GitHub\Chains\Chains\bin\Debug\Chains.dll" />
    </Deployment>
    <Execution>
      <TestTypeSpecific>
        <UnitTestRunConfig testTypeId="13cdc9d9-ddb5-4fa4-a97d-d965ccfc6d4b">
          <AssemblyResolution>
            <TestDirectory useLoadContext="true" />
          </AssemblyResolution>
        </UnitTestRunConfig>
      </TestTypeSpecific>
      <AgentRule name="LocalMachineDefaultRole">
        <DataCollectors>
          <DataCollector uri="datacollector://microsoft/SystemInfo/1.0" assemblyQualifiedName="Microsoft.VisualStudio.TestTools.DataCollection.SystemInfo.SystemInfoDataCollector, Microsoft.VisualStudio.TestTools.DataCollection.SystemInfo, Version=10.0.0.0, Culture=neutral, PublicKeyToken=b03f5f7f11d50a3a" friendlyName="System Information">
          </DataCollector>
          <DataCollector uri="datacollector://microsoft/HttpProxy/1.0" assemblyQualifiedName="Microsoft.VisualStudio.TraceCollector.HttpProxyCollector, Microsoft.VisualStudio.TraceCollector, Version=10.0.0.0, Culture=neutral, PublicKeyToken=b03f5f7f11d50a3a" friendlyName="ASP.NET Client Proxy for IntelliTrace and Test Impact">
          </DataCollector>
          <DataCollector uri="datacollector://microsoft/TestImpact/1.0" assemblyQualifiedName="Microsoft.VisualStudio.TraceCollector.TestImpactDataCollector, Microsoft.VisualStudio.TraceCollector, Version=10.0.0.0, Culture=neutral, PublicKeyToken=b03f5f7f11d50a3a" friendlyName="Test Impact">
          </DataCollector>
          <DataCollector uri="datacollector://microsoft/TraceDebugger/1.0" assemblyQualifiedName="Microsoft.VisualStudio.TraceCollector.TraceDebuggerDataCollector, Microsoft.VisualStudio.TraceCollector, Version=10.0.0.0, Culture=neutral, PublicKeyToken=b03f5f7f11d50a3a" friendlyName="IntelliTrace">
          </DataCollector>
          <DataCollector uri="datacollector://microsoft/CodeCoverage/1.0" assemblyQualifiedName="Microsoft.VisualStudio.TestTools.CodeCoverage.CoveragePlugIn, Microsoft.VisualStudio.QualityTools.Plugins.CodeCoverage, Version=10.0.0.0, Culture=neutral, PublicKeyToken=b03f5f7f11d50a3a" friendlyName="Code Coverage">
          </DataCollector>
        </DataCollectors>
      </AgentRule>
    </Execution>
  </TestSettings>
  <Times creation="2012-11-06T17:31:46.6778223+00:00" queuing="2012-11-06T17:31:51.3498223+00:00" start="2012-11-06T17:32:20.7348223+00:00" finish="2012-11-06T17:32:26.5038223+00:00" />
  <ResultSummary outcome="Completed">
    <Counters total="7" executed="7" passed="7" error="0" failed="0" timeout="0" aborted="0" inconclusive="0" passedButRunAborted="0" notRunnable="0" notExecuted="0" disconnected="0" warning="0" completed="0" inProgress="0" pending="0" />
    <CollectorDataEntries>
      <Collector agentName="AS02W1018" uri="datacollector://microsoft/SystemInfo/1.0" collectorDisplayName="System Information">
        <UriAttachments>
          <UriAttachment>
            <A href="AS02W1018\SystemInformation.xml">System Information from AS02W1018</A>
          </UriAttachment>
        </UriAttachments>
      </Collector>
    </CollectorDataEntries>
  </ResultSummary>
  <TestDefinitions>
    <UnitTest name="TestExecutionError" storage="c:\users\jciechanowicz\documents\github\chains\chainstest\bin\debug\chainstest.dll" id="b47c5645-a659-615b-ce7b-6ce6ab5529a2">
      <DeploymentItems>
        <DeploymentItem filename="Chains.dll" />
      </DeploymentItems>
      <Execution id="d5b1b4ed-916c-4170-9227-c3130b4a4d64" />
      <TestMethod codeBase="C:/Users/jciechanowicz/Documents/GitHub/Chains/ChainsTest/bin/Debug/ChainsTest.DLL" adapterTypeName="Microsoft.VisualStudio.TestTools.TestTypes.Unit.UnitTestAdapter, Microsoft.VisualStudio.QualityTools.Tips.UnitTest.Adapter, Version=10.0.0.0, Culture=neutral, PublicKeyToken=b03f5f7f11d50a3a" className="ChainsTest.LinearTests, ChainsTest, Version=1.0.0.0, Culture=neutral, PublicKeyToken=null" name="TestExecutionError" />
    </UnitTest>
    <UnitTest name="TestMultiTypeChain" storage="c:\users\jciechanowicz\documents\github\chains\chainstest\bin\debug\chainstest.dll" id="68ac6d6b-f5b3-f477-1a81-e154524c5f22">
      <DeploymentItems>
        <DeploymentItem filename="Chains.dll" />
      </DeploymentItems>
      <Execution id="15a4f8ca-93f4-4324-b7fd-82f275c22555" />
      <TestMethod codeBase="C:/Users/jciechanowicz/Documents/GitHub/Chains/ChainsTest/bin/Debug/ChainsTest.DLL" adapterTypeName="Microsoft.VisualStudio.TestTools.TestTypes.Unit.UnitTestAdapter, Microsoft.VisualStudio.QualityTools.Tips.UnitTest.Adapter, Version=10.0.0.0, Culture=neutral, PublicKeyToken=b03f5f7f11d50a3a" className="ChainsTest.LinearTests, ChainsTest, Version=1.0.0.0, Culture=neutral, PublicKeyToken=null" name="TestMultiTypeChain" />
    </UnitTest>
    <UnitTest name="TestAsyncTypeError" storage="c:\users\jciechanowicz\documents\github\chains\chainstest\bin\debug\chainstest.dll" id="81d5d5a8-dd7a-917e-7657-37b0ce778671">
      <DeploymentItems>
        <DeploymentItem filename="Chains.dll" />
      </DeploymentItems>
      <Execution id="4e086a43-558b-4c12-a10c-b60600d504a2" />
      <TestMethod codeBase="C:/Users/jciechanowicz/Documents/GitHub/Chains/ChainsTest/bin/Debug/ChainsTest.DLL" adapterTypeName="Microsoft.VisualStudio.TestTools.TestTypes.Unit.UnitTestAdapter, Microsoft.VisualStudio.QualityTools.Tips.UnitTest.Adapter, Version=10.0.0.0, Culture=neutral, PublicKeyToken=b03f5f7f11d50a3a" className="ChainsTest.AsyncTests, ChainsTest, Version=1.0.0.0, Culture=neutral, PublicKeyToken=null" name="TestAsyncTypeError" />
    </UnitTest>
    <UnitTest name="TestAsyncExecution" storage="c:\users\jciechanowicz\documents\github\chains\chainstest\bin\debug\chainstest.dll" id="1356002e-e897-872c-78a5-df7ecc91f3ce">
      <DeploymentItems>
        <DeploymentItem filename="Chains.dll" />
      </DeploymentItems>
      <Execution id="a74214cc-624d-4e59-a8fa-97d8cdd04ae1" />
      <TestMethod codeBase="C:/Users/jciechanowicz/Documents/GitHub/Chains/ChainsTest/bin/Debug/ChainsTest.DLL" adapterTypeName="Microsoft.VisualStudio.TestTools.TestTypes.Unit.UnitTestAdapter, Microsoft.VisualStudio.QualityTools.Tips.UnitTest.Adapter, Version=10.0.0.0, Culture=neutral, PublicKeyToken=b03f5f7f11d50a3a" className="ChainsTest.AsyncTests, ChainsTest, Version=1.0.0.0, Culture=neutral, PublicKeyToken=null" name="TestAsyncExecution" />
    </UnitTest>
    <UnitTest name="TestAsyncExecutionError" storage="c:\users\jciechanowicz\documents\github\chains\chainstest\bin\debug\chainstest.dll" id="96e8f2f6-ba20-7685-0b8c-dedda47979fb">
      <DeploymentItems>
        <DeploymentItem filename="Chains.dll" />
      </DeploymentItems>
      <Execution id="e1efafc2-9b71-4352-a4a7-4f5457de4f0c" />
      <TestMethod codeBase="C:/Users/jciechanowicz/Documents/GitHub/Chains/ChainsTest/bin/Debug/ChainsTest.DLL" adapterTypeName="Microsoft.VisualStudio.TestTools.TestTypes.Unit.UnitTestAdapter, Microsoft.VisualStudio.QualityTools.Tips.UnitTest.Adapter, Version=10.0.0.0, Culture=neutral, PublicKeyToken=b03f5f7f11d50a3a" className="ChainsTest.AsyncTests, ChainsTest, Version=1.0.0.0, Culture=neutral, PublicKeyToken=null" name="TestAsyncExecutionError" />
    </UnitTest>
    <UnitTest name="TestTypeMismatch" storage="c:\users\jciechanowicz\documents\github\chains\chainstest\bin\debug\chainstest.dll" id="de55ba53-e509-e1d8-72d1-3c3e89a04967">
      <DeploymentItems>
        <DeploymentItem filename="Chains.dll" />
      </DeploymentItems>
      <Execution id="c5162d1d-a245-4d1d-8ca4-b5a244f87274" />
      <TestMethod codeBase="C:/Users/jciechanowicz/Documents/GitHub/Chains/ChainsTest/bin/Debug/ChainsTest.DLL" adapterTypeName="Microsoft.VisualStudio.TestTools.TestTypes.Unit.UnitTestAdapter, Microsoft.VisualStudio.QualityTools.Tips.UnitTest.Adapter, Version=10.0.0.0, Culture=neutral, PublicKeyToken=b03f5f7f11d50a3a" className="ChainsTest.LinearTests, ChainsTest, Version=1.0.0.0, Culture=neutral, PublicKeyToken=null" name="TestTypeMismatch" />
    </UnitTest>
    <UnitTest name="TestSimpleChain" storage="c:\users\jciechanowicz\documents\github\chains\chainstest\bin\debug\chainstest.dll" id="ed1fc067-3a0e-4957-2e9c-00e356d1e9fa">
      <DeploymentItems>
        <DeploymentItem filename="Chains.dll" />
      </DeploymentItems>
      <Execution id="91b2dd42-67be-4eb5-83a2-f0c803dcf567" />
      <TestMethod codeBase="C:/Users/jciechanowicz/Documents/GitHub/Chains/ChainsTest/bin/Debug/ChainsTest.DLL" adapterTypeName="Microsoft.VisualStudio.TestTools.TestTypes.Unit.UnitTestAdapter, Microsoft.VisualStudio.QualityTools.Tips.UnitTest.Adapter, Version=10.0.0.0, Culture=neutral, PublicKeyToken=b03f5f7f11d50a3a" className="ChainsTest.LinearTests, ChainsTest, Version=1.0.0.0, Culture=neutral, PublicKeyToken=null" name="TestSimpleChain" />
    </UnitTest>
  </TestDefinitions>
  <TestLists>
    <TestList name="Results Not in a List" id="8c84fa94-04c1-424b-9868-57a2d4851a1d" />
    <TestList name="All Loaded Results" id="19431567-8539-422a-85d7-44ee4e166bda" />
  </TestLists>
  <TestEntries>
    <TestEntry testId="1356002e-e897-872c-78a5-df7ecc91f3ce" executionId="a74214cc-624d-4e59-a8fa-97d8cdd04ae1" testListId="8c84fa94-04c1-424b-9868-57a2d4851a1d" />
    <TestEntry testId="68ac6d6b-f5b3-f477-1a81-e154524c5f22" executionId="15a4f8ca-93f4-4324-b7fd-82f275c22555" testListId="8c84fa94-04c1-424b-9868-57a2d4851a1d" />
    <TestEntry testId="81d5d5a8-dd7a-917e-7657-37b0ce778671" executionId="4e086a43-558b-4c12-a10c-b60600d504a2" testListId="8c84fa94-04c1-424b-9868-57a2d4851a1d" />
    <TestEntry testId="96e8f2f6-ba20-7685-0b8c-dedda47979fb" executionId="e1efafc2-9b71-4352-a4a7-4f5457de4f0c" testListId="8c84fa94-04c1-424b-9868-57a2d4851a1d" />
    <TestEntry testId="b47c5645-a659-615b-ce7b-6ce6ab5529a2" executionId="d5b1b4ed-916c-4170-9227-c3130b4a4d64" testListId="8c84fa94-04c1-424b-9868-57a2d4851a1d" />
    <TestEntry testId="de55ba53-e509-e1d8-72d1-3c3e89a04967" executionId="c5162d1d-a245-4d1d-8ca4-b5a244f87274" testListId="8c84fa94-04c1-424b-9868-57a2d4851a1d" />
    <TestEntry testId="ed1fc067-3a0e-4957-2e9c-00e356d1e9fa" executionId="91b2dd42-67be-4eb5-83a2-f0c803dcf567" testListId="8c84fa94-04c1-424b-9868-57a2d4851a1d" />
  </TestEntries>
  <Results>
    <UnitTestResult executionId="a74214cc-624d-4e59-a8fa-97d8cdd04ae1" testId="1356002e-e897-872c-78a5-df7ecc91f3ce" testName="TestAsyncExecution" computerName="AS02W1018" duration="00:00:00.0889955" startTime="2012-11-06T17:32:21.4518223+00:00" endTime="2012-11-06T17:32:24.8798223+00:00" testType="13cdc9d9-ddb5-4fa4-a97d-d965ccfc6d4b" outcome="Passed" testListId="8c84fa94-04c1-424b-9868-57a2d4851a1d" relativeResultsDirectory="a74214cc-624d-4e59-a8fa-97d8cdd04ae1">
      <CollectorDataEntries>
        <Collector agentName="AS02W1018" uri="datacollector://microsoft/SystemInfo/1.0" collectorDisplayName="System Information">
          <UriAttachments>
            <UriAttachment>
              <A href="AS02W1018\SystemInformation.xml">System Information from AS02W1018</A>
            </UriAttachment>
          </UriAttachments>
        </Collector>
        <Collector agentName="AS02W1018" uri="datacollector://microsoft/TestImpact/1.0" collectorDisplayName="Test Impact">
          <UriAttachments>
            <UriAttachment>
              <A href="AS02W1018\testimpact.xml">Test Impact Data</A>
            </UriAttachment>
          </UriAttachments>
        </Collector>
      </CollectorDataEntries>
    </UnitTestResult>
    <UnitTestResult executionId="15a4f8ca-93f4-4324-b7fd-82f275c22555" testId="68ac6d6b-f5b3-f477-1a81-e154524c5f22" testName="TestMultiTypeChain" computerName="AS02W1018" duration="00:00:00.0079884" startTime="2012-11-06T17:32:24.8948223+00:00" endTime="2012-11-06T17:32:24.9618223+00:00" testType="13cdc9d9-ddb5-4fa4-a97d-d965ccfc6d4b" outcome="Passed" testListId="8c84fa94-04c1-424b-9868-57a2d4851a1d" relativeResultsDirectory="15a4f8ca-93f4-4324-b7fd-82f275c22555">
      <CollectorDataEntries>
        <Collector agentName="AS02W1018" uri="datacollector://microsoft/SystemInfo/1.0" collectorDisplayName="System Information">
          <UriAttachments>
            <UriAttachment>
              <A href="AS02W1018\SystemInformation.xml">System Information from AS02W1018</A>
            </UriAttachment>
          </UriAttachments>
        </Collector>
        <Collector agentName="AS02W1018" uri="datacollector://microsoft/TestImpact/1.0" collectorDisplayName="Test Impact">
          <UriAttachments>
            <UriAttachment>
              <A href="AS02W1018\testimpact.xml">Test Impact Data</A>
            </UriAttachment>
          </UriAttachments>
        </Collector>
      </CollectorDataEntries>
    </UnitTestResult>
    <UnitTestResult executionId="4e086a43-558b-4c12-a10c-b60600d504a2" testId="81d5d5a8-dd7a-917e-7657-37b0ce778671" testName="TestAsyncTypeError" computerName="AS02W1018" duration="00:00:00.0041348" startTime="2012-11-06T17:32:24.9668223+00:00" endTime="2012-11-06T17:32:25.0698223+00:00" testType="13cdc9d9-ddb5-4fa4-a97d-d965ccfc6d4b" outcome="Passed" testListId="8c84fa94-04c1-424b-9868-57a2d4851a1d" relativeResultsDirectory="4e086a43-558b-4c12-a10c-b60600d504a2">
      <CollectorDataEntries>
        <Collector agentName="AS02W1018" uri="datacollector://microsoft/SystemInfo/1.0" collectorDisplayName="System Information">
          <UriAttachments>
            <UriAttachment>
              <A href="AS02W1018\SystemInformation.xml">System Information from AS02W1018</A>
            </UriAttachment>
          </UriAttachments>
        </Collector>
        <Collector agentName="AS02W1018" uri="datacollector://microsoft/TestImpact/1.0" collectorDisplayName="Test Impact">
          <UriAttachments>
            <UriAttachment>
              <A href="AS02W1018\testimpact.xml">Test Impact Data</A>
            </UriAttachment>
          </UriAttachments>
        </Collector>
      </CollectorDataEntries>
    </UnitTestResult>
    <UnitTestResult executionId="e1efafc2-9b71-4352-a4a7-4f5457de4f0c" testId="96e8f2f6-ba20-7685-0b8c-dedda47979fb" testName="TestAsyncExecutionError" computerName="AS02W1018" duration="00:00:00.0024860" startTime="2012-11-06T17:32:25.0748223+00:00" endTime="2012-11-06T17:32:25.1038223+00:00" testType="13cdc9d9-ddb5-4fa4-a97d-d965ccfc6d4b" outcome="Passed" testListId="8c84fa94-04c1-424b-9868-57a2d4851a1d" relativeResultsDirectory="e1efafc2-9b71-4352-a4a7-4f5457de4f0c">
      <CollectorDataEntries>
        <Collector agentName="AS02W1018" uri="datacollector://microsoft/SystemInfo/1.0" collectorDisplayName="System Information">
          <UriAttachments>
            <UriAttachment>
              <A href="AS02W1018\SystemInformation.xml">System Information from AS02W1018</A>
            </UriAttachment>
          </UriAttachments>
        </Collector>
        <Collector agentName="AS02W1018" uri="datacollector://microsoft/TestImpact/1.0" collectorDisplayName="Test Impact">
          <UriAttachments>
            <UriAttachment>
              <A href="AS02W1018\testimpact.xml">Test Impact Data</A>
            </UriAttachment>
          </UriAttachments>
        </Collector>
      </CollectorDataEntries>
    </UnitTestResult>
    <UnitTestResult executionId="d5b1b4ed-916c-4170-9227-c3130b4a4d64" testId="b47c5645-a659-615b-ce7b-6ce6ab5529a2" testName="TestExecutionError" computerName="AS02W1018" duration="00:00:00.0024629" startTime="2012-11-06T17:32:25.1098223+00:00" endTime="2012-11-06T17:32:25.1418223+00:00" testType="13cdc9d9-ddb5-4fa4-a97d-d965ccfc6d4b" outcome="Passed" testListId="8c84fa94-04c1-424b-9868-57a2d4851a1d" relativeResultsDirectory="d5b1b4ed-916c-4170-9227-c3130b4a4d64">
      <CollectorDataEntries>
        <Collector agentName="AS02W1018" uri="datacollector://microsoft/SystemInfo/1.0" collectorDisplayName="System Information">
          <UriAttachments>
            <UriAttachment>
              <A href="AS02W1018\SystemInformation.xml">System Information from AS02W1018</A>
            </UriAttachment>
          </UriAttachments>
        </Collector>
        <Collector agentName="AS02W1018" uri="datacollector://microsoft/TestImpact/1.0" collectorDisplayName="Test Impact">
          <UriAttachments>
            <UriAttachment>
              <A href="AS02W1018\testimpact.xml">Test Impact Data</A>
            </UriAttachment>
          </UriAttachments>
        </Collector>
      </CollectorDataEntries>
    </UnitTestResult>
    <UnitTestResult executionId="c5162d1d-a245-4d1d-8ca4-b5a244f87274" testId="de55ba53-e509-e1d8-72d1-3c3e89a04967" testName="TestTypeMismatch" computerName="AS02W1018" duration="00:00:00.0032411" startTime="2012-11-06T17:32:25.1508223+00:00" endTime="2012-11-06T17:32:25.1948223+00:00" testType="13cdc9d9-ddb5-4fa4-a97d-d965ccfc6d4b" outcome="Passed" testListId="8c84fa94-04c1-424b-9868-57a2d4851a1d" relativeResultsDirectory="c5162d1d-a245-4d1d-8ca4-b5a244f87274">
      <CollectorDataEntries>
        <Collector agentName="AS02W1018" uri="datacollector://microsoft/SystemInfo/1.0" collectorDisplayName="System Information">
          <UriAttachments>
            <UriAttachment>
              <A href="AS02W1018\SystemInformation.xml">System Information from AS02W1018</A>
            </UriAttachment>
          </UriAttachments>
        </Collector>
        <Collector agentName="AS02W1018" uri="datacollector://microsoft/TestImpact/1.0" collectorDisplayName="Test Impact">
          <UriAttachments>
            <UriAttachment>
              <A href="AS02W1018\testimpact.xml">Test Impact Data</A>
            </UriAttachment>
          </UriAttachments>
        </Collector>
      </CollectorDataEntries>
    </UnitTestResult>
    <UnitTestResult executionId="91b2dd42-67be-4eb5-83a2-f0c803dcf567" testId="ed1fc067-3a0e-4957-2e9c-00e356d1e9fa" testName="TestSimpleChain" computerName="AS02W1018" duration="00:00:00.0973740" startTime="2012-11-06T17:32:25.2018223+00:00" endTime="2012-11-06T17:32:25.3528223+00:00" testType="13cdc9d9-ddb5-4fa4-a97d-d965ccfc6d4b" outcome="Passed" testListId="8c84fa94-04c1-424b-9868-57a2d4851a1d" relativeResultsDirectory="91b2dd42-67be-4eb5-83a2-f0c803dcf567">
      <CollectorDataEntries>
        <Collector agentName="AS02W1018" uri="datacollector://microsoft/SystemInfo/1.0" collectorDisplayName="System Information">
          <UriAttachments>
            <UriAttachment>
              <A href="AS02W1018\SystemInformation.xml">System Information from AS02W1018</A>
            </UriAttachment>
          </UriAttachments>
        </Collector>
        <Collector agentName="AS02W1018" uri="datacollector://microsoft/TestImpact/1.0" collectorDisplayName="Test Impact">
          <UriAttachments>
            <UriAttachment>
              <A href="AS02W1018\testimpact.xml">Test Impact Data</A>
            </UriAttachment>
          </UriAttachments>
        </Collector>
      </CollectorDataEntries>
    </UnitTestResult>
  </Results>
</TestRun>